     1                                  bits 32 ; assembling for the 32 bits architecture
     2                                  
     3                                  ; declare the EntryPoint (a label defining the very first instruction of the program)
     4                                  global start        
     5                                  
     6                                  ; declare external functions needed by our program
     7                                  extern exit               ; tell nasm that exit exists even if we won't be defining it
     8                                  import exit msvcrt.dll    ; exit is a function that ends the calling process. It is defined in msvcrt.dll
     9                                                            ; msvcrt.dll contains exit, printf and all the other important C-runtime specific functions
    10                                  
    11                                  ; our data is declared here (the variables needed by our program)
    12                                  segment data use32 class=data
    13                                  ;3.Se dau cuvintele A si B. Sa se obtina dublucuvantul C:
    14                                      ; bitii 0-2 ai lui C coincid cu bitii 12-14 ai lui A
    15                                      ; bitii 3-8 ai lui C coincid cu bitii 0-5 ai lui B
    16                                      ; bitii 9-15 ai lui C coincid cu bitii 3-9 ai lui A
    17                                      ; bitii 16-31 ai lui C coincid cu bitii lui A
    18                                      
    19 00000000 8374                        A dw 7483h
    20 00000002 6724                        B dw 2467h
    21 00000004 <res 00000004>              C resd 1
    22                                  
    23                                  ; our code starts here
    24                                  segment code use32 class=code
    25                                      start:
    26 00000000 668B15[00000000]                mov dx,[A]
    27 00000007 66B80000                        mov ax,0
    28                                          
    29 0000000B 668B1D[00000000]                mov bx,[A]
    30 00000012 6681E30070                      and bx,0111000000000000b
    31 00000017 B104                            mov cl,4
    32 00000019 66D3C3                          rol bx,cl
    33 0000001C 6609D8                          or ax,bx
    34                                          
    35 0000001F 668B1D[02000000]                mov bx,[B]
    36 00000026 6683E33F                        and bx,0000000000111111b
    37 0000002A B103                            mov cl,3
    38 0000002C 66D3C3                          rol bx,cl
    39 0000002F 6609D8                          or ax,bx
    40                                          
    41 00000032 668B1D[00000000]                mov bx,[A]
    42 00000039 6681E3F803                      and bx,0000001111111000b
    43 0000003E B106                            mov cl,6
    44 00000040 66D3C3                          rol bx,cl
    45 00000043 6609D8                          or ax,bx
    46                                          
    47 00000046 6652                            push dx
    48 00000048 6650                            push ax
    49 0000004A 58                              pop eax
    50 0000004B A3[04000000]                    mov [C],eax
    51                                          ;
    52                                          ; exit(0)
    53 00000050 6A00                            push    dword 0      ; push the parameter for exit onto the stack
    54 00000052 FF15[00000000]                  call    [exit]       ; call exit to terminate the program
