     1                                  bits 32 ; assembling for the 32 bits architecture
     2                                  
     3                                  ; declare the EntryPoint (a label defining the very first instruction of the program)
     4                                  global start        
     5                                  
     6                                  ; declare external functions needed by our program
     7                                  extern exit               ; tell nasm that exit exists even if we won't be defining it
     8                                  import exit msvcrt.dll    ; exit is a function that ends the calling process. It is defined in msvcrt.dll
     9                                                            ; msvcrt.dll contains exit, printf and all the other important C-runtime specific functions
    10                                  
    11                                  ; our data is declared here (the variables needed by our program)
    12                                  segment data use32 class=data
    13 00000000 00FF5602                    x dw -256,256h
    14 00000004 00FF0000                    y dw 256|-256,256h&256
    15 00000008 000401792D78                z db $-z,y-x,'y'-'x','y-x'
    16 0000000E 8000                        a db 512>>2,-512<<2
    16          ******************       warning: byte data exceeds bounds [-w+number-overflow]
    17 00000010 FAFF0000                    b dw z-a,!(z-a)
    18 00000014 08000000                    c dd ($-b)+(d-$)
    19 00000018 80FF                        d db -128,128^(~128)
    20 0000001A <res 00000018>              e times 2 resw 6
    21 00000032 3412000078560000-           times 2 dd 1234h,5678h
    21 00000032 <rept>             
    22                                      
    23                                  ; our code starts here
    24                                  segment code use32 class=code
    25                                      start:
    26 00000000 66B88200                        mov ax,128|2
    27 00000004 B712                            mov bh,4ah>>2
    28 00000006 28FC                            sub ah,bh
    29 00000008 6A00                            push    dword 0      ; push the parameter for exit onto the stack
    30 0000000A FF15[00000000]                  call    [exit]       ; call exit to terminate the program
