     1                                  bits 32 ; assembling for the 32 bits architecture
     2                                  
     3                                  ; declare the EntryPoint (a label defining the very first instruction of the program)
     4                                  global start        
     5                                  
     6                                  ; declare external functions needed by our program
     7                                  extern exit               ; tell nasm that exit exists even if we won't be defining it
     8                                  import exit msvcrt.dll    ; exit is a function that ends the calling process. It is defined in msvcrt.dll
     9                                                            ; msvcrt.dll contains exit, printf and all the other important C-runtime specific functions
    10                                  
    11                                  ; our data is declared here (the variables needed by our program)
    12                                  segment data use32 class=data
    13 00000000 04                          a db 4h
    14 00000001 02                          b db 2h
    15 00000002 01                          c db 1h
    16 00000003 03                          d db 3h
    17                                      
    18 00000004 0800                        e dw 8h
    19 00000006 0900                        f dw 9h
    20 00000008 0700                        g dw 7h
    21 0000000A 0500                        h dw 5h
    22                                  ; our code starts here
    23                                  segment code use32 class=code
    24                                      start:
    25                                          ;11. (e+f)*(2*a+3*b)
    26                                          ; mov BX,[e]
    27                                          ; add BX,[f]
    28                                          ; mov AL,2
    29                                          ; mul BYTE [a]
    30                                          ; mov CX,AX
    31                                          ; mov AL,3
    32                                          ; mul BYTE [b]
    33                                          ; add AX,CX
    34                                          ; mul BX
    35                                          
    36                                          ;14. a*d*e/(f-5)
    37                                          ; mov AL,[a]
    38                                          ; mul BYTE [d]
    39                                          ; mul WORD [e]
    40                                          ; mov BX,[f]
    41                                          ; sub BX,5
    42                                          ; div BX
    43                                          
    44                                          ;17. h/a + (2 + b) + f/d – g/c
    45                                          ; mov AX,[h]
    46                                          ; mov BL,[a]
    47                                          ; div BL
    48                                          ; mov BL,[b]
    49                                          ; add BL,2
    50                                          ; add BL,AL
    51                                          ; mov AX,[f]
    52                                          ; div BYTE [d]
    53                                          ; add BL,AL
    54                                          ; mov AX,[g]
    55                                          ; div BYTE [c]
    56                                          ; sub BL,AL
    57                                          
    58                                          ;26. (e+g-2*b)/c
    59 00000000 B002                            mov AL,2
    60 00000002 F625[01000000]                  mul BYTE [b]
    61 00000008 6689C3                          mov BX,AX
    62 0000000B 66A1[04000000]                  mov AX,[e]
    63 00000011 660305[08000000]                add AX,[g]
    64 00000018 6629D8                          sub AX,BX
    65 0000001B F635[02000000]                  div BYTE [c]
    66                                          
    67                                          ;27. [(e+f-g)+(b+c)*3]/5
    68                                          ; mov AL,3
    69                                          ; mov AH,[b]
    70                                          ; add AH,[c]
    71                                          ; mul AH
    72                                          ; mov BX,[e]
    73                                          ; add BX,[f]
    74                                          ; sub BX,[g]
    75                                          ; add AX,BX
    76                                          ; mov BL,5
    77                                          ; div BL
    78                                          ; exit(0)
    79 00000021 6A00                            push    dword 0      ; push the parameter for exit onto the stack
    80 00000023 FF15[00000000]                  call    [exit]       ; call exit to terminate the program
